// Jest Snapshot v1, https://goo.gl/fbAQLP

exports[`OrderForm should match snapshot 1`] = `
<div
  className="cr-order-form"
  onKeyPress={[Function]}
>
  <div
    className="cr-order-item"
  >
    <DropdownComponent
      list={
        Array [
          "Limit",
          "Market",
        ]
      }
      onSelect={[Function]}
      placeholder=""
    />
  </div>
  <div
    className="cr-order-item"
  >
    <Memo()
      currency="btc"
      handleChangeValue={[Function]}
      handleFocusInput={[Function]}
      isFocused={false}
      value=""
    />
  </div>
  <div
    className="cr-order-item"
  >
    <Memo()
      currency="eth"
      handleChangeValue={[Function]}
      handleFocusInput={[Function]}
      isFocused={false}
      value="1.5"
    />
  </div>
  <div
    className="cr-order-item"
  >
    <div
      className="cr-order-item__percentage-buttons"
    >
      <Memo()
        key="0"
        onClick={[Function]}
        value={0.25}
      />
      <Memo()
        key="1"
        onClick={[Function]}
        value={0.5}
      />
      <Memo()
        key="2"
        onClick={[Function]}
        value={0.75}
      />
      <Memo()
        key="3"
        onClick={[Function]}
        value={1}
      />
    </div>
  </div>
  <div
    className="cr-order-item"
  >
    <div
      className="cr-order-item__total"
    >
      <label
        className="cr-order-item__total__label"
      >
        Total
      </label>
      <div
        className="cr-order-item__total__content"
      >
        <span
          className="cr-order-item__total__content__amount"
        >
          0.000000000
        </span>
        <span
          className="cr-order-item__total__content__currency"
        >
          BTC
        </span>
      </div>
    </div>
  </div>
  <div
    className="cr-order-item"
  >
    <div
      className="cr-order-item__available"
    >
      <label
        className="cr-order-item__available__label"
      >
        Available
      </label>
      <div
        className="cr-order-item__available__content"
      >
        <span
          className="cr-order-item__available__content__amount"
        >
          50.00000
        </span>
        <span
          className="cr-order-item__available__content__currency"
        >
          BTC
        </span>
      </div>
    </div>
  </div>
  <div
    className="cr-order-item"
  >
    <Button
      active={false}
      block={true}
      className="btn-block mr-1 mt-1 btn-lg"
      disabled={true}
      onClick={[Function]}
      size="lg"
      type="button"
      variant="success"
    >
      buy
    </Button>
  </div>
</div>
`;
