// Jest Snapshot v1, https://goo.gl/fbAQLP

exports[`SignInScreen should render 1`] = `
<ContextProvider
  value={
    Object {
      "store": Object {
        "dispatch": [Function],
        "getState": [Function],
        "replaceReducer": [Function],
        "subscribe": [Function],
        Symbol(observable): [Function],
      },
      "storeState": Object {
        "public": Object {
          "alerts": Object {
            "alerts": Array [],
          },
          "blocklistAccess": Object {
            "error": false,
            "loading": false,
            "status": "",
            "success": false,
          },
          "colorTheme": Object {
            "chartRebuild": false,
            "color": "basic",
            "marketSelectorActive": false,
            "sideBarActive": false,
          },
          "configs": Object {
            "data": Object {
              "captcha_type": "none",
              "password_min_entropy": 0,
            },
            "loading": false,
            "success": false,
          },
          "currencies": Object {
            "list": Array [],
            "loading": false,
          },
          "customization": Object {
            "loading": false,
            "success": false,
          },
          "depth": Object {
            "asks": Array [],
            "bids": Array [],
            "loading": false,
          },
          "i18n": Object {
            "lang": "en",
          },
          "incrementDepth": Object {
            "asks": Array [],
            "bids": Array [],
            "loading": false,
            "marketId": undefined,
            "sequence": null,
          },
          "kline": Object {
            "data": Array [],
            "last": undefined,
            "loading": false,
            "marketId": undefined,
            "period": undefined,
            "range": Object {
              "from": 0,
              "to": 0,
            },
          },
          "markets": Object {
            "currentMarket": undefined,
            "list": Array [],
            "loading": false,
            "tickerLoading": false,
            "tickers": Object {},
          },
          "memberLevels": Object {
            "loading": false,
          },
          "orderBook": Object {
            "asks": Array [],
            "bids": Array [],
            "loading": false,
          },
          "ranger": Object {
            "connected": false,
            "subscriptions": Array [],
            "withAuth": false,
          },
          "recentTrades": Object {
            "list": Array [],
            "loading": false,
          },
          "rgl": Object {
            "layouts": Object {
              "lg": Array [
                Object {
                  "h": 21,
                  "i": "1",
                  "isDraggable": false,
                  "isResizable": false,
                  "maxH": 21,
                  "minH": 21,
                  "minW": 4,
                  "w": 4,
                  "x": 20,
                  "y": 0,
                },
                Object {
                  "h": 19.6,
                  "i": "2",
                  "isDraggable": false,
                  "isResizable": false,
                  "minH": 21,
                  "minW": 5,
                  "w": 12,
                  "x": 4,
                  "y": 0,
                },
                Object {
                  "h": 39.7,
                  "i": "3",
                  "isDraggable": false,
                  "isResizable": false,
                  "minH": 21,
                  "minW": 4,
                  "w": 4,
                  "x": 16,
                  "y": 0,
                },
                Object {
                  "h": 9,
                  "i": "4",
                  "isDraggable": false,
                  "isResizable": false,
                  "minH": 9,
                  "minW": 5,
                  "w": 12,
                  "x": 4,
                  "y": 40,
                },
                Object {
                  "h": 11.100000000000001,
                  "i": "5",
                  "isDraggable": false,
                  "isResizable": false,
                  "minH": 7,
                  "minW": 5,
                  "w": 12,
                  "x": 4,
                  "y": 60,
                },
                Object {
                  "h": 39.7,
                  "i": "6",
                  "isDraggable": false,
                  "isResizable": false,
                  "minH": 10,
                  "minW": 4,
                  "w": 4,
                  "x": 0,
                  "y": 0,
                },
                Object {
                  "h": 18.7,
                  "i": "7",
                  "isDraggable": false,
                  "isResizable": false,
                  "minH": 10,
                  "minW": 4,
                  "w": 4,
                  "x": 20,
                  "y": 40,
                },
              ],
              "md": Array [
                Object {
                  "h": 21,
                  "i": "1",
                  "isDraggable": false,
                  "isResizable": false,
                  "maxH": 21,
                  "minH": 21,
                  "minW": 4,
                  "w": 8,
                  "x": 16,
                  "y": 18,
                },
                Object {
                  "h": 19.6,
                  "i": "2",
                  "isDraggable": false,
                  "isResizable": false,
                  "minH": 21,
                  "minW": 5,
                  "w": 16,
                  "x": 0,
                  "y": 0,
                },
                Object {
                  "h": 39.7,
                  "i": "3",
                  "isDraggable": false,
                  "isResizable": false,
                  "minH": 21,
                  "minW": 4,
                  "w": 8,
                  "x": 16,
                  "y": 0,
                },
                Object {
                  "h": 9,
                  "i": "4",
                  "isDraggable": false,
                  "isResizable": false,
                  "minH": 9,
                  "minW": 5,
                  "w": 16,
                  "x": 0,
                  "y": 40,
                },
                Object {
                  "h": 11.100000000000001,
                  "i": "5",
                  "isDraggable": false,
                  "isResizable": false,
                  "minH": 7,
                  "minW": 5,
                  "w": 16,
                  "x": 0,
                  "y": 60,
                },
                Object {
                  "h": 39.7,
                  "i": "6",
                  "isDraggable": false,
                  "isResizable": false,
                  "minH": 10,
                  "minW": 4,
                  "w": 16,
                  "x": 0,
                  "y": 60,
                },
                Object {
                  "h": 18.7,
                  "i": "7",
                  "isDraggable": false,
                  "isResizable": false,
                  "minH": 10,
                  "minW": 4,
                  "w": 8,
                  "x": 20,
                  "y": 36,
                },
              ],
              "sm": Array [
                Object {
                  "h": 22,
                  "i": "1",
                  "isDraggable": false,
                  "maxH": 22,
                  "minH": 22,
                  "minW": 5,
                  "w": 12,
                  "x": 0,
                  "y": 12,
                },
                Object {
                  "h": 30,
                  "i": "2",
                  "isDraggable": false,
                  "minH": 30,
                  "minW": 5,
                  "w": 12,
                  "x": 0,
                  "y": 28,
                },
                Object {
                  "h": 18,
                  "i": "3",
                  "isDraggable": false,
                  "minH": 12,
                  "minW": 3,
                  "w": 12,
                  "x": 0,
                  "y": 58,
                },
                Object {
                  "h": 12,
                  "i": "4",
                  "isDraggable": false,
                  "minH": 12,
                  "minW": 7,
                  "w": 12,
                  "x": 0,
                  "y": 94,
                },
                Object {
                  "h": 20,
                  "i": "5",
                  "isDraggable": false,
                  "minH": 12,
                  "minW": 7,
                  "w": 12,
                  "x": 0,
                  "y": 82,
                },
                Object {
                  "h": 20,
                  "i": "6",
                  "isDraggable": false,
                  "minH": 12,
                  "minW": 7,
                  "w": 12,
                  "x": 0,
                  "y": 106,
                },
                Object {
                  "h": 20,
                  "i": "7",
                  "isDraggable": false,
                  "minH": 12,
                  "minW": 7,
                  "w": 12,
                  "x": 0,
                  "y": 126,
                },
              ],
            },
          },
        },
        "user": Object {
          "addresses": Object {
            "loading": false,
          },
          "apiKeys": Object {
            "apiKeys": Array [],
            "dataLoaded": false,
            "modal": Object {
              "active": false,
            },
          },
          "auth": Object {
            "current_password_entropy": 0,
            "emailVerified": false,
            "require2FA": false,
            "requireVerification": false,
          },
          "beneficiaries": Object {
            "activate": Object {
              "data": Object {
                "currency": "",
                "data": Object {
                  "address": "",
                },
                "id": 0,
                "name": "",
                "state": "",
              },
              "fetching": false,
              "success": false,
            },
            "create": Object {
              "data": Object {
                "currency": "",
                "data": Object {
                  "address": "",
                },
                "id": 0,
                "name": "",
                "state": "",
              },
              "fetching": false,
              "success": false,
            },
            "delete": Object {
              "data": Object {
                "id": 0,
              },
              "fetching": false,
              "success": false,
            },
            "fetch": Object {
              "data": Array [],
              "fetching": false,
              "success": false,
            },
          },
          "captchaKeys": Object {
            "loading": false,
            "success": false,
          },
          "customizationUpdate": Object {
            "loading": false,
            "success": false,
          },
          "documents": Object {
            "loading": false,
          },
          "history": Object {
            "fetching": false,
            "list": Array [],
            "nextPageExists": false,
            "page": 0,
          },
          "identity": Object {
            "edit": Object {},
            "send": Object {},
          },
          "label": Object {
            "data": Array [],
            "isFetching": false,
          },
          "newHistory": Object {
            "fetching": false,
            "list": Array [],
          },
          "openOrders": Object {
            "cancelError": false,
            "cancelFetching": false,
            "fetching": false,
            "list": Array [],
          },
          "orders": Object {
            "amount": "",
            "currentPrice": undefined,
            "executeLoading": false,
            "orderType": "",
          },
          "ordersHistory": Object {
            "cancelAllError": false,
            "cancelAllFetching": false,
            "cancelError": false,
            "cancelFetching": false,
            "fetching": false,
            "list": Array [],
            "nextPageExists": false,
            "pageIndex": 0,
          },
          "password": Object {
            "forgotPasswordChanged": false,
            "forgotPasswordRequested": false,
            "loading": false,
          },
          "phone": Object {
            "codeSend": false,
          },
          "profile": Object {
            "passwordChange": Object {
              "success": false,
            },
            "twoFactorAuth": Object {
              "barcode": "",
              "url": "",
            },
            "userData": Object {
              "isFetching": false,
              "user": Object {
                "created_at": "",
                "email": "",
                "labels": Array [],
                "level": 0,
                "otp": false,
                "phone": Array [],
                "profiles": Array [],
                "referal_uid": "",
                "role": "",
                "state": "",
                "uid": "",
                "updated_at": "",
              },
            },
          },
          "sendEmailVerification": Object {
            "loading": false,
            "success": false,
          },
          "userActivity": Object {
            "list": Array [],
            "loading": false,
            "page": 0,
            "total": 0,
          },
          "wallets": Object {
            "wallets": Object {
              "list": Array [],
              "loading": false,
              "mobileWalletChosen": "",
              "selectedWalletAddress": "",
              "selectedWalletCurrency": "",
              "withdrawSuccess": false,
            },
          },
          "withdrawLimit": Object {
            "data": Object {
              "currency": "",
              "limit": "0.0",
              "period": 0,
              "withdrawal_amount": "0.0",
            },
            "loading": false,
            "success": false,
          },
        },
      },
    }
  }
>
  <Connect(InjectIntl(withRouter(Connect(SignIn)))) />
</ContextProvider>
`;
